com\darktale\darktaleapi\data\world\APILocation.class
com\darktale\darktaleapi\event\player\APIPlayerEvent.class
com\darktale\darktaleapi\data\player\command\clan\ClanCommand$ClanInvite.class
com\darktale\darktaleapi\data\file\FileManager.class
com\darktale\darktaleapi\data\player\command\serverconfig\SetSpawnCommand.class
com\darktale\darktaleapi\data\player\command\test\LongCommand$Short.class
com\darktale\darktaleapi\event\player\APISetPlayerNicknameEvent.class
com\darktale\darktaleapi\data\player\command\APICommand.class
com\darktale\darktaleapi\data\player\command\clan\ClanCommand$ClanLeave.class
com\darktale\darktaleapi\event\player\APIPlayerJoinEvent.class
com\darktale\darktaleapi\data\file\JSONFile.class
com\darktale\darktaleapi\data\player\rank\ClanRank.class
com\darktale\darktaleapi\data\database\APIDatabase.class
com\darktale\darktaleapi\listener\ListenerHandler.class
com\darktale\darktaleapi\debug\DebugCommandListener.class
com\darktale\darktaleapi\data\player\rank\StaffRank.class
com\darktale\darktaleapi\data\player\command\clan\ClanCommand$ClanCreate.class
com\darktale\darktaleapi\event\misc\APIBroadcastEvent.class
com\darktale\darktaleapi\data\player\command\test\LongCommand$Example.class
com\darktale\darktaleapi\data\file\JSONManager.class
com\darktale\darktaleapi\event\command\APIRegisterCommandEvent.class
com\darktale\darktaleapi\data\player\command\clan\ClanCommand$ClanJoin.class
com\darktale\darktaleapi\data\player\DarktalePlayer.class
com\darktale\darktaleapi\DarktaleAPI.class
com\darktale\darktaleapi\event\player\APIPlayerCommandEvent.class
com\darktale\darktaleapi\data\player\command\clan\ClanCommand.class
com\darktale\darktaleapi\data\player\command\test\LongCommand.class
com\darktale\darktaleapi\listener\APIListener.class
com\darktale\darktaleapi\data\player\command\test\LongCommand$Command.class
com\darktale\darktaleapi\event\APIEvent.class
com\darktale\darktaleapi\event\player\APIRequestPlayerLocationEvent.class
com\darktale\darktaleapi\event\player\APISendPlayerMessageEvent.class
com\darktale\darktaleapi\listener\APIListenerWrapper.class
com\darktale\darktaleapi\event\EventHandler.class
com\darktale\darktaleapi\data\clan\Clan.class
com\darktale\darktaleapi\event\player\APIRecivePlayerLocationEvent.class
com\darktale\darktaleapi\event\player\APITeleportPlayerEvent.class
com\darktale\darktaleapi\data\player\command\APICommandHandler.class
com\darktale\darktaleapi\data\serverconfig\ServerConfig.class
