com\darktale\darktaleapi\data\world\APILocation.class
com\darktale\darktaleapi\event\player\APIPlayerCommandEvent.class
com\darktale\darktaleapi\event\player\APIPlayerEvent.class
com\darktale\darktaleapi\data\file\FileManager.class
com\darktale\darktaleapi\listener\APIListener.class
com\darktale\darktaleapi\data\player\command\APICommand.class
com\darktale\darktaleapi\event\APIEvent.class
com\darktale\darktaleapi\event\player\APISendPlayerMessageEvent.class
com\darktale\darktaleapi\event\player\APIPlayerJoinEvent.class
com\darktale\darktaleapi\listener\ListenerHandler.class
com\darktale\darktaleapi\data\player\command\clan\ClanCommand$ClanCreate.class
com\darktale\darktaleapi\event\EventHandler.class
com\darktale\darktaleapi\data\file\JSONManager.class
com\darktale\darktaleapi\event\player\APITeleportPlayerEvent.class
com\darktale\darktaleapi\data\player\command\APICommandHandler.class
com\darktale\darktaleapi\data\player\command\clan\ClanCommand$ClanJoin.class
com\darktale\darktaleapi\data\player\DarktalePlayer.class
com\darktale\darktaleapi\DarktaleAPI.class
