C:\Users\Ryan\Documents\NetBeansProjects\DarktaleAPI\src\main\java\com\darktale\darktaleapi\listener\APIListener.java
C:\Users\Ryan\Documents\NetBeansProjects\DarktaleAPI\src\main\java\com\darktale\darktaleapi\event\player\APIPlayerJoinEvent.java
C:\Users\Ryan\Documents\NetBeansProjects\DarktaleAPI\src\main\java\com\darktale\darktaleapi\event\EventHandler.java
C:\Users\Ryan\Documents\NetBeansProjects\DarktaleAPI\src\main\java\com\darktale\darktaleapi\DarktaleAPI.java
C:\Users\Ryan\Documents\NetBeansProjects\DarktaleAPI\src\main\java\com\darktale\darktaleapi\event\APIEvent.java
C:\Users\Ryan\Documents\NetBeansProjects\DarktaleAPI\src\main\java\com\darktale\darktaleapi\listener\ListenerHandler.java
C:\Users\Ryan\Documents\NetBeansProjects\DarktaleAPI\src\main\java\com\darktale\darktaleapi\event\player\APISendPlayerMessageEvent.java
C:\Users\Ryan\Documents\NetBeansProjects\DarktaleAPI\src\main\java\com\darktale\darktaleapi\listener\APIListenerWrapper.java
C:\Users\Ryan\Documents\NetBeansProjects\DarktaleAPI\src\main\java\com\darktale\darktaleapi\event\player\APIPlayerEvent.java
